HI-TECH Software C Compiler 

Linker command line:

--edf=C:\Program Files\HI-TECH Software\PICC\9.83\dat\en_msgs.txt -cs \
  -h+Robo Code.sym -z -Q16F690 -ol.obj -MRobo Code.map -E1 \
  -ACONST=00h-0FFhx16 -ACODE=00h-07FFhx2 -ASTRCODE=00h-0FFFh \
  -AENTRY=00h-0FFhx16 -ASTRING=00h-0FFhx16 -ABANK0=020h-06Fh \
  -ABANK1=0A0h-0EFh -ABANK2=0120h-016Fh \
  -ARAM=020h-06Fh,0A0h-0EFh,0120h-016Fh \
  -AABS1=020h-07Fh,0A0h-0EFh,0120h-016Fh -ACOMMON=070h-07Fh -ASFR0=00h-01Fh \
  -ASFR1=080h-09Fh -ASFR2=0100h-011Fh -ASFR3=0180h-01EFh \
  -preset_vec=00h,intentry=04h,init,end_init -ppowerup=CODE -pfunctab=CODE \
  -ACONFIG=02007h-02007h -pconfig=CONFIG -DCONFIG=2 -AIDLOC=02000h-02003h \
  -pidloc=IDLOC -DIDLOC=2 -AEEDATA=00h-0FFh/02100h -peeprom_data=EEDATA \
  -DEEDATA=2 -DCODE=2 -DSTRCODE=2 -DSTRING=2 -DCONST=2 -DENTRY=2 -k \
  startup.obj Robo Code.obj 

Object code version is 3.10

Machine type is 16F690



                Name                               Link     Load   Length Selector   Space Scale
startup.obj     end_init                             11       11        2        8       0
                reset_vec                             0        0        2        0       0
Robo Code.obj   intentry                              4        4        D        8       0
                config                             2007     2007        1     400E       0
                text319                             192      192        C        8       0
                text318                             163      163       1C        8       0
                text317                             1B3      1B3        7        8       0
                text316                             1AC      1AC        7        8       0
                text315                             1A5      1A5        7        8       0
                text314                             19E      19E        7        8       0
                text313                             10F      10F       54        8       0
                maintext                             13       13       FC        8       0
                cstackBANK0                          2C       2C        3       20       1
                cstackCOMMON                         70       70        6       70       1
                bssBANK0                             20       20        C       20       1
                bssCOMMON                            76       76        4       70       1
                cinit                               17F      17F       13        8       0

TOTAL           Name                               Link     Load   Length     Space
        CLASS   CONST          

        CLASS   CODE           
                end_init                             11       11        2         0
                intentry                              4        4        D         0
                reset_vec                             0        0        2         0
                text319                             192      192        C         0
                text318                             163      163       1C         0
                text317                             1B3      1B3        7         0
                text316                             1AC      1AC        7         0
                text315                             1A5      1A5        7         0
                text314                             19E      19E        7         0
                text313                             10F      10F       54         0
                maintext                             13       13       FC         0
                cinit                               17F      17F       13         0

        CLASS   STRCODE        

        CLASS   ENTRY          

        CLASS   STRING         

        CLASS   BANK0          
                cstackBANK0                          2C       2C        3         1
                bssBANK0                             20       20        C         1

        CLASS   BANK1          

        CLASS   BANK2          

        CLASS   RAM            

        CLASS   ABS1           
                abs_s1                               7E       7E        2         1

        CLASS   COMMON         
                cstackCOMMON                         70       70        6         1
                bssCOMMON                            76       76        4         1

        CLASS   SFR0           

        CLASS   SFR1           

        CLASS   SFR2           

        CLASS   SFR3           

        CLASS   CONFIG         
                config                             2007     2007        1         0

        CLASS   IDLOC          

        CLASS   EEDATA         

        CLASS   BANK3          



SEGMENTS        Name                           Load    Length   Top    Selector   Space  Class     Delta

                reset_vec                      000000  000002  000002         0       0  CODE        2
                intentry                       000004  0001B6  0001BA         8       0  CODE        2
                bssBANK0                       000020  00000F  00002F        20       1  BANK0       1
                cstackCOMMON                   000070  00000A  00007A        70       1  COMMON      1
                config                         002007  000001  002008      400E       0  CONFIG      2


UNUSED ADDRESS RANGES

        Name                Unused          Largest block    Delta
        BANK0            002F-006F             41           1
        BANK1            00A0-00EF             50           1
        BANK2            0120-016F             50           1
        CODE             0002-0003              2           2
                         01BA-0FFF            646
        COMMON           007A-007D              4           1
        CONST            0002-0003              2           2
                         01BA-0FFF            100
        EEDATA           2100-21FF            100           2
        ENTRY            0002-0003              2           2
                         01BA-0FFF            100
        IDLOC            2000-2003              4           2
        RAM              002F-006F             41           1
                         00A0-00EF             50
                         0120-016F             50
        SFR0             0000-001F             20           1
        SFR1             0080-009F             20           1
        SFR2             0100-011F             20           1
        SFR3             0180-01EF             70           1
        STRCODE          0002-0003              2           2
                         01BA-0FFF            E46
        STRING           0002-0003              2           2
                         01BA-0FFF            100

                                  Symbol Table

??_handleChange         cstackCOMMON 0070
??_init_hardware        cstackCOMMON 0074
??_main                 cstackCOMMON 0074
??_moveForward          cstackCOMMON 0074
??_moveLeft             cstackCOMMON 0074
??_moveRight            cstackCOMMON 0074
??_stop                 cstackCOMMON 0074
??_turnAround           cstackBANK0  002C
?_handleChange          cstackCOMMON 0070
?_init_hardware         cstackCOMMON 0070
?_main                  cstackCOMMON 0070
?_moveForward           cstackCOMMON 0070
?_moveLeft              cstackCOMMON 0070
?_moveRight             cstackCOMMON 0070
?_stop                  cstackCOMMON 0070
?_turnAround            cstackCOMMON 0070
_ADCON0                 (abs)        001F
_ADCON0bits             (abs)        001F
_ADRESH                 (abs)        001E
_ANSEL                  (abs)        011E
_ANSELH                 (abs)        011F
_CARRY                  (abs)        0018
_EEADR                  (abs)        010D
_EECON1                 (abs)        018C
_EECON2                 (abs)        018D
_EEDATA                 (abs)        010C
_GIE                    (abs)        005F
_GO_DONE                (abs)        00F9
_INTCON                 (abs)        000B
_PIE1bits               (abs)        008C
_PIR1bits               (abs)        000C
_PORTA                  (abs)        0005
_PORTB                  (abs)        0006
_PORTC                  (abs)        0007
_RA5                    (abs)        002D
_RB4                    (abs)        0034
_RB5                    (abs)        0035
_RB6                    (abs)        0036
_RB7                    (abs)        0037
_RC1                    (abs)        0039
_RC7                    (abs)        003F
_RD                     (abs)        0C60
_TRISA                  (abs)        0085
_TRISB                  (abs)        0086
_TRISC                  (abs)        0087
_WR                     (abs)        0C61
_WREN                   (abs)        0C62
__Habs1                 abs1         0000
__Hbank0                bank0        0000
__Hbank1                bank1        0000
__Hbank2                bank2        0000
__Hbank3                bank3        0000
__HbssBANK0             bssBANK0     0000
__HbssCOMMON            bssCOMMON    0000
__Hcinit                cinit        0000
__Hclrtext              clrtext      0000
__Hcode                 code         0000
__Hcommon               common       0000
__Hconfig               config       2008
__HcstackBANK0          cstackBANK0  0000
__HcstackCOMMON         cstackCOMMON 0000
__Heeprom_data          eeprom_data  0000
__Hend_init             end_init     0013
__Hfunctab              functab      0000
__Hidloc                idloc        0000
__Hinit                 init         0011
__Hintentry             intentry     0011
__Hmaintext             maintext     0000
__Hpowerup              powerup      0000
__Hram                  ram          0000
__Hreset_vec            reset_vec    0002
__Hsfr0                 sfr0         0000
__Hsfr1                 sfr1         0000
__Hsfr2                 sfr2         0000
__Hsfr3                 sfr3         0000
__Hstrings              strings      0000
__Htext                 text         0000
__Labs1                 abs1         0000
__Lbank0                bank0        0000
__Lbank1                bank1        0000
__Lbank2                bank2        0000
__Lbank3                bank3        0000
__LbssBANK0             bssBANK0     0000
__LbssCOMMON            bssCOMMON    0000
__Lcinit                cinit        0000
__Lclrtext              clrtext      0000
__Lcode                 code         0000
__Lcommon               common       0000
__Lconfig               config       2007
__LcstackBANK0          cstackBANK0  0000
__LcstackCOMMON         cstackCOMMON 0000
__Leeprom_data          eeprom_data  0000
__Lend_init             end_init     0011
__Lfunctab              functab      0000
__Lidloc                idloc        0000
__Linit                 init         0011
__Lintentry             intentry     0004
__Lmaintext             maintext     0000
__Lpowerup              powerup      0000
__Lram                  ram          0000
__Lreset_vec            reset_vec    0000
__Lsfr0                 sfr0         0000
__Lsfr1                 sfr1         0000
__Lsfr2                 sfr2         0000
__Lsfr3                 sfr3         0000
__Lstrings              strings      0000
__Ltext                 text         0000
__S0                    (abs)        2008
__S1                    (abs)        007A
__S2                    (abs)        0000
__end_of_handleChange   text319      019E
__end_of_init_hardware  text318      017F
__end_of_main           maintext     010F
__end_of_moveForward    text317      01BA
__end_of_moveLeft       text316      01B3
__end_of_moveRight      text315      01AC
__end_of_stop           text314      01A5
__end_of_turnAround     text313      0163
__pbssBANK0             bssBANK0     0020
__pbssCOMMON            bssCOMMON    0076
__pcstackBANK0          cstackBANK0  002C
__pcstackCOMMON         cstackCOMMON 0070
__pintentry             intentry     0004
__pmaintext             maintext     0013
__ptext312              text312      0000
__ptext313              text313      010F
__ptext314              text314      019E
__ptext315              text315      01A5
__ptext316              text316      01AC
__ptext317              text317      01B3
__ptext318              text318      0163
__ptext319              text319      0192
__ptext320              text320      0000
__size_of_handleChange  (abs)        0000
__size_of_init_hardware (abs)        0000
__size_of_main          (abs)        0000
__size_of_moveForward   (abs)        0000
__size_of_moveLeft      (abs)        0000
__size_of_moveRight     (abs)        0000
__size_of_stop          (abs)        0000
__size_of_turnAround    (abs)        0000
_adcLeft                bssCOMMON    0076
_adcRight               bssCOMMON    0078
_buttonoff              bssBANK0     0020
_constant               bssBANK0     0022
_counter                bssBANK0     0024
_exit                   init         0011
_handleChange           text319      0192
_idk                    bssBANK0     0026
_init_hardware          text318      0163
_main                   maintext     0013
_moveForward            text317      01B3
_moveLeft               text316      01AC
_moveRight              text315      01A5
_start                  bssBANK0     0028
_stop                   text314      019E
_turn                   bssBANK0     002A
_turnAround             text313      010F
btemp                   (abs)        007E
end_of_initialization   cinit        018F
interrupt_function      intentry     0004
intlevel0               functab      0000
intlevel1               functab      0000
intlevel2               functab      0000
intlevel3               functab      0000
intlevel4               functab      0000
intlevel5               functab      0000
reset_vec               reset_vec    0000
saved_w                 (abs)        007E
start                   init         0011
start_initialization    cinit        017F
wtemp0                  (abs)        007E
